
> cheonmyeong@0.1.0 build
> next build

  ▲ Next.js 14.2.35
  - Environments: .env.local
  - Experiments (use with caution):
    · instrumentationHook

   Creating an optimized production build ...
 ✓ Compiled successfully
   Linting and checking validity of types ...
