
> cheonmyeong@0.1.0 test
> vitest run src/lib/__tests__/oheng.test.ts


[1m[46m RUN [49m[22m [36mv4.0.18 [39m[90mC:/saju/cheonmyeong[39m

 [32m✓[39m src/lib/__tests__/oheng.test.ts [2m([22m[2m5 tests[22m[2m)[22m[32m 15[2mms[22m[39m

[2m Test Files [22m [1m[32m1 passed[39m[22m[90m (1)[39m
[2m      Tests [22m [1m[32m5 passed[39m[22m[90m (5)[39m
[2m   Start at [22m 12:01:51
[2m   Duration [22m 51.35s[2m (transform 298ms, setup 0ms, import 453ms, tests 15ms, environment 49.17s)[22m

